
> synapse-weaver-nexus@0.1.0 test
> jest packages/synapse-bridge/src/extension.integration.test.ts

  console.log
    [Synapse Bridge] Activating...

      at activate (packages/synapse-bridge/src/extension.ts:44:11)

  console.log
    [Synapse Bridge] Activating...

      at activate (packages/synapse-bridge/src/extension.ts:44:11)

  console.log
    [Synapse Bridge] Activating...

      at activate (packages/synapse-bridge/src/extension.ts:44:11)

  console.log
    [Synapse Bridge] Activating...

      at activate (packages/synapse-bridge/src/extension.ts:44:11)

  console.log
    [Synapse Bridge] Nexus Core instance created in-process.

      at packages/synapse-bridge/src/extension.ts:65:25

  console.log
    --- Synapse Bridge: Execution Receipt Received ---

      at packages/synapse-bridge/src/extension.ts:166:17

  console.log
    {
      "receiptId": "test-receipt-123",
      "planId": "test-plan-123",
      "taskId": "efda02a4-cc8f-4c41-b500-e5a267330ab1",
      "outcome": "COMPLETED",
      "finalCost": 1.5,
      "finalTimeSeconds": 30,
      "results": [
        {
          "agentId": "sentinel-jest-ts-v1",
          "output": "Test execution successful",
          "wasAccepted": true
        }
      ]
    }

      at packages/synapse-bridge/src/extension.ts:167:17

  console.log
    [Synapse Bridge] Activating...

      at activate (packages/synapse-bridge/src/extension.ts:44:11)

  console.log
    --- Synapse Bridge: Execution Receipt Received ---

      at packages/synapse-bridge/src/extension.ts:166:17

  console.log
    {
      "receiptId": "test-receipt-123",
      "planId": "test-plan-123",
      "taskId": "44590ecc-77e0-4551-af56-1f00cbe0dfa3",
      "outcome": "COMPLETED",
      "finalCost": 1.5,
      "finalTimeSeconds": 30,
      "results": [
        {
          "agentId": "sentinel-jest-ts-v1",
          "output": "Test execution successful",
          "wasAccepted": true
        }
      ]
    }

      at packages/synapse-bridge/src/extension.ts:167:17

  console.log
    [Synapse Bridge] Activating...

      at activate (packages/synapse-bridge/src/extension.ts:44:11)

  console.log
    --- Synapse Bridge: Execution Receipt Received ---

      at packages/synapse-bridge/src/extension.ts:166:17

  console.log
    {
      "receiptId": "test-receipt-123",
      "planId": "test-plan-123",
      "taskId": "b1d43cae-307c-4dfb-b7d4-89b9ad2a6e97",
      "outcome": "COMPLETED",
      "finalCost": 1.5,
      "finalTimeSeconds": 30,
      "results": [
        {
          "agentId": "sentinel-jest-ts-v1",
          "output": "Test execution successful",
          "wasAccepted": true
        }
      ]
    }

      at packages/synapse-bridge/src/extension.ts:167:17

  console.log
    [Synapse Bridge] Activating...

      at activate (packages/synapse-bridge/src/extension.ts:44:11)

  console.log
    --- Synapse Bridge: Execution Receipt Received ---

      at packages/synapse-bridge/src/extension.ts:166:17

  console.log
    {
      "receiptId": "test-receipt-123",
      "planId": "test-plan-123",
      "taskId": "c41d0f3e-c03d-46d6-b6a1-4891a7733114",
      "outcome": "COMPLETED",
      "finalCost": 1.5,
      "finalTimeSeconds": 30,
      "results": [
        {
          "agentId": "sentinel-jest-ts-v1",
          "output": "Test execution successful",
          "wasAccepted": true
        }
      ]
    }

      at packages/synapse-bridge/src/extension.ts:167:17

  console.log
    [Synapse Bridge] Activating...

      at activate (packages/synapse-bridge/src/extension.ts:44:11)

  console.log
    [Synapse Bridge] Activating...

      at activate (packages/synapse-bridge/src/extension.ts:44:11)

  console.log
    [Synapse Bridge] Activating...

      at activate (packages/synapse-bridge/src/extension.ts:44:11)

  console.log
    [Synapse Bridge] Activating...

      at activate (packages/synapse-bridge/src/extension.ts:44:11)

  console.log
    --- Synapse Bridge: Execution Receipt Received ---

      at packages/synapse-bridge/src/extension.ts:166:17

  console.log
    {
      "receiptId": "test-receipt-123",
      "planId": "test-plan-123",
      "taskId": "fd9907f1-f069-43a2-94b4-8a4936aa0b92",
      "outcome": "COMPLETED",
      "finalCost": 1.5,
      "finalTimeSeconds": 30,
      "results": [
        {
          "agentId": "sentinel-jest-ts-v1",
          "output": "Test execution successful",
          "wasAccepted": true
        }
      ]
    }

      at packages/synapse-bridge/src/extension.ts:167:17

  console.log
    [Synapse Bridge] Activating...

      at activate (packages/synapse-bridge/src/extension.ts:44:11)

  console.log
    --- Synapse Bridge: Execution Receipt Received ---

      at packages/synapse-bridge/src/extension.ts:166:17

  console.log
    {
      "receiptId": "test-receipt-123",
      "planId": "test-plan-123",
      "taskId": "dac94631-ffb7-4d32-a187-b93aed88d857",
      "outcome": "COMPLETED",
      "finalCost": 1.5,
      "finalTimeSeconds": 30,
      "results": [
        {
          "agentId": "sentinel-jest-ts-v1",
          "output": "Test execution successful",
          "wasAccepted": true
        }
      ]
    }

      at packages/synapse-bridge/src/extension.ts:167:17

  console.log
    [Synapse Bridge] Activating...

      at activate (packages/synapse-bridge/src/extension.ts:44:11)

  console.error
    [Synapse Bridge] A fatal error occurred: Error: Task execution failed - insufficient resources
        at Object.<anonymous> (C:\Users\sgbil\synapse-weaver-nexus\synapse-weaver-nexus\packages\synapse-bridge\src\extension.integration.test.ts:278:9)
        at Promise.then.completed (C:\Users\sgbil\synapse-weaver-nexus\synapse-weaver-nexus\node_modules\jest-circus\build\utils.js:298:28)
        at new Promise (<anonymous>)
        at callAsyncCircusFn (C:\Users\sgbil\synapse-weaver-nexus\synapse-weaver-nexus\node_modules\jest-circus\build\utils.js:231:10)
        at _callCircusTest (C:\Users\sgbil\synapse-weaver-nexus\synapse-weaver-nexus\node_modules\jest-circus\build\run.js:316:40)
        at async _runTest (C:\Users\sgbil\synapse-weaver-nexus\synapse-weaver-nexus\node_modules\jest-circus\build\run.js:252:3)
        at async _runTestsForDescribeBlock (C:\Users\sgbil\synapse-weaver-nexus\synapse-weaver-nexus\node_modules\jest-circus\build\run.js:126:9)
        at async _runTestsForDescribeBlock (C:\Users\sgbil\synapse-weaver-nexus\synapse-weaver-nexus\node_modules\jest-circus\build\run.js:121:9)
        at async _runTestsForDescribeBlock (C:\Users\sgbil\synapse-weaver-nexus\synapse-weaver-nexus\node_modules\jest-circus\build\run.js:121:9)
        at async run (C:\Users\sgbil\synapse-weaver-nexus\synapse-weaver-nexus\node_modules\jest-circus\build\run.js:71:3)
        at async runAndTransformResultsToJestFormat (C:\Users\sgbil\synapse-weaver-nexus\synapse-weaver-nexus\node_modules\jest-circus\build\legacy-code-todo-rewrite\jestAdapterInit.js:122:21)
        at async jestAdapter (C:\Users\sgbil\synapse-weaver-nexus\synapse-weaver-nexus\node_modules\jest-circus\build\legacy-code-todo-rewrite\jestAdapter.js:79:19)
        at async runTestInternal (C:\Users\sgbil\synapse-weaver-nexus\synapse-weaver-nexus\node_modules\jest-runner\build\runTest.js:367:16)
        at async runTest (C:\Users\sgbil\synapse-weaver-nexus\synapse-weaver-nexus\node_modules\jest-runner\build\runTest.js:444:34)

    [0m [90m 182 |[39m         }
     [90m 183 |[39m       } [36mcatch[39m (error) {
    [31m[1m>[22m[39m[90m 184 |[39m         console[33m.[39merror([32m"[Synapse Bridge] A fatal error occurred:"[39m[33m,[39m error)[33m;[39m
     [90m     |[39m                 [31m[1m^[22m[39m
     [90m 185 |[39m         vscode[33m.[39mwindow[33m.[39mshowErrorMessage(
     [90m 186 |[39m           [32m`Synapse Weaver encountered a critical error: ${error instanceof Error ? error.message : "Unknown error"}. Please check the debug console (Help > Toggle Developer Tools) and ensure Docker is running.`[39m
     [90m 187 |[39m         )[33m;[39m[0m

      at packages/synapse-bridge/src/extension.ts:184:17
      at async Object.<anonymous> (packages/synapse-bridge/src/extension.integration.test.ts:284:7)

FAIL packages/synapse-bridge/src/extension.integration.test.ts (6.824 s)
  Extension Integration Tests - Resilience Protocol
    activate function
      ΓêÜ should register the synapse-weaver.activate command (70 ms)
      ΓêÜ should add command disposable to subscriptions (4 ms)
      ΓêÜ should NOT create OrchestrationEngine instance on activation (lazy init) (4 ms)
    synapse-weaver.activate command execution - Lazy Initialization
      ΓêÜ should create OrchestrationEngine on FIRST command execution (1583 ms)
      ├ù should display progress notification during first-time initialization (14 ms)
      ├ù should NOT create OrchestrationEngine on SECOND command execution (reuse) (6 ms)
      ├ù should handle initialization errors gracefully and display detailed error message (18 ms)
      ΓêÜ should show error if no active editor (4 ms)
      ΓêÜ should show info message if no text selected (7 ms)
      ΓêÜ should exit gracefully if user cancels input (5 ms)
      ΓêÜ should call receiveTask with properly structured TaskVector (11 ms)
      ΓêÜ should display success message after task completion (5 ms)
      ΓêÜ should handle task execution errors gracefully (44 ms)

  ΓùÅ Extension Integration Tests - Resilience Protocol ΓÇ║ synapse-weaver.activate command execution - Lazy Initialization ΓÇ║ should display progress notification during first-time initialization

    expect(jest.fn()).toHaveBeenCalled()

    Expected number of calls: >= 1
    Received number of calls:    0

      132 |
      133 |       // withProgress should be called for lazy initialization
    > 134 |       expect(vscode.window.withProgress).toHaveBeenCalled();
          |                                          ^
      135 |     });
      136 |
      137 |     it("should NOT create OrchestrationEngine on SECOND command execution (reuse)", async () => {

      at Object.<anonymous> (packages/synapse-bridge/src/extension.integration.test.ts:134:42)

  ΓùÅ Extension Integration Tests - Resilience Protocol ΓÇ║ synapse-weaver.activate command execution - Lazy Initialization ΓÇ║ should NOT create OrchestrationEngine on SECOND command execution (reuse)

    expect(received).toBeGreaterThan(expected)

    Expected: > 0
    Received:   0

      144 |       await commandHandler();
      145 |       const firstCallCount = mockOrchestrationEngineConstructor.mock.calls.length;
    > 146 |       expect(firstCallCount).toBeGreaterThan(0);
          |                              ^
      147 |
      148 |       // Clear the mock call history but keep the instance
      149 |       mockOrchestrationEngineConstructor.mockClear();

      at Object.<anonymous> (packages/synapse-bridge/src/extension.integration.test.ts:146:30)

  ΓùÅ Extension Integration Tests - Resilience Protocol ΓÇ║ synapse-weaver.activate command execution - Lazy Initialization ΓÇ║ should handle initialization errors gracefully and display detailed error message

    expect(received).toBeGreaterThan(expected)

    Expected: > 0
    Received:   0

      171 |       const errorCalls = (vscode.window.showErrorMessage as jest.Mock).mock
      172 |         .calls;
    > 173 |       expect(errorCalls.length).toBeGreaterThan(0);
          |                                 ^
      174 |
      175 |       const errorMessage = errorCalls[0][0];
      176 |       expect(errorMessage).toContain(

      at Object.<anonymous> (packages/synapse-bridge/src/extension.integration.test.ts:173:33)

Test Suites: 1 failed, 1 total
Tests:       3 failed, 10 passed, 13 total
Snapshots:   0 total
Time:        7.104 s, estimated 11 s
Ran all test suites matching /packages\\synapse-bridge\\src\\extension.integration.test.ts/i.
